	[BAD INPUT]: No headers in dummy/test1/blank.csv
